// 重构日志: 0a084d73
// 重构日志: 4a8eabed
// 重构日志: 5f4e1f77
// 重构日志: 38b21f16
// 重构日志: eedff94e
// 重构日志: bd7cb39e
// 重构日志: 5528788d
// 同步 ID: dc08372a @ Sat Jul 25 12:19:10 UTC 2026
// 重构日志: 778a9f89
// 重构日志: a79c0428
// 重构日志: a374994d
// 重构日志: 4e3dbe67
// 同步 ID: 816e8b50 @ Fri Jul 31 23:07:40 UTC 2026
// 同步 ID: 23312957 @ Sat Aug  1 08:16:53 UTC 2026
// 重构日志: a8dfe7bd
// 重构日志: 39a1c2fc
// 重构日志: d6de945b
// 重构日志: c0f39042
// 重构日志: 13f3bf3e
// 重构日志: 5f55a912
// 同步 ID: 6c745374 @ Wed Aug  5 07:57:34 UTC 2026
// 同步 ID: 5e656d3e @ Wed Aug  5 16:28:48 UTC 2026
// 重构日志: 03db40f1
// 重构日志: d98d0fa2
